// Jest Snapshot v1, https://goo.gl/fbAQLP

exports[`<Spinner /> should render correctly 1`] = `
<div
  className="spinner"
>
  <i
    className="material-icons"
  >
    autorenew
  </i>
</div>
`;
