exports[`<404 /> should render correctly 1`] = `
<div>
  <h3>
    404 page not found
  </h3>
  <p>
    We are sorry but the page you are looking for does not exist.
  </p>
</div>
`;
